// Jest Snapshot v1, https://goo.gl/fbAQLP

exports[`BoostCard should match the snapshot 1`] = `
<div
  className="BoostCard"
>
  <Link
    replace={false}
    to="/send-boost/hfdskfj.jpg"
  >
    <img
      alt="dog"
      src="https://random.dog/hfdskfj.jpg"
      width="300px"
    />
  </Link>
  <button
    className="BoostCard-button"
    onClick={[Function]}
  />
</div>
`;
