// Jest Snapshot v1, https://goo.gl/fbAQLP

exports[`SavedBoosts should match the snapshot 1`] = `
<div
  className="SavedBoosts"
>
  <div
    className="SavedBoosts-boost"
  >
    <div
      className="SavedBoosts-flex"
    >
      <div
        className="div"
      >
        <p>
          TO: 
        </p>
        <p>
          FROM: 
        </p>
      </div>
      <img
        alt="animal"
        src="https://random.dog/undefined"
      />
    </div>
    <p
      className="boost-msg"
    >
      Your boost messsage: 
    </p>
    <button
      className="remove-button"
      name="delete"
      onClick={[Function]}
    >
      Delete
    </button>
  </div>
  <div
    className="SavedBoosts-boost"
  >
    <div
      className="SavedBoosts-flex"
    >
      <div
        className="div"
      >
        <p>
          TO: 
        </p>
        <p>
          FROM: 
        </p>
      </div>
      <img
        alt="animal"
        src="https://random.dog/undefined"
      />
    </div>
    <p
      className="boost-msg"
    >
      Your boost messsage: 
    </p>
    <button
      className="remove-button"
      name="delete"
      onClick={[Function]}
    >
      Delete
    </button>
  </div>
  <div
    className="SavedBoosts-boost"
  >
    <div
      className="SavedBoosts-flex"
    >
      <div
        className="div"
      >
        <p>
          TO: 
        </p>
        <p>
          FROM: 
        </p>
      </div>
      <img
        alt="animal"
        src="https://random.dog/undefined"
      />
    </div>
    <p
      className="boost-msg"
    >
      Your boost messsage: 
    </p>
    <button
      className="remove-button"
      name="delete"
      onClick={[Function]}
    >
      Delete
    </button>
  </div>
</div>
`;
